******************************************************************************
                  TI ARM Linker PC v15.12.3                    
******************************************************************************
>> Linked Sun Apr 30 18:03:39 2017

OUTPUT FILE NAME:   <test_1.out>
ENTRY POINT SYMBOL: "_c_int00"  address: 00003e51


MEMORY CONFIGURATION

         name            origin    length      used     unused   attr    fill
----------------------  --------  ---------  --------  --------  ----  --------
  MAIN                  00000000   00040000  000042ef  0003bd11  R  X
  INFO                  00200000   00004000  00000000  00004000  R  X
  SRAM_CODE             01000000   00010000  00000a67  0000f599  RW X
  SRAM_DATA             20000000   00010000  00000a67  0000f599  RW  


SEGMENT ALLOCATION MAP

run origin  load origin   length   init length attrs members
----------  ----------- ---------- ----------- ----- -------
00000000    00000000    000042f4   000042f4    r-x
  00000000    00000000    000000e4   000000e4    r-- .intvecs
  000000e4    000000e4    0000404e   0000404e    r-x .text
  00004132    00004132    00000101   00000101    r-- .const
  00004238    00004238    000000bc   000000bc    r-- .cinit
20000000    20000000    00000869   00000000    rw-
  20000000    20000000    00000400   00000000    rw- .sysmem
  20000400    20000400    00000246   00000000    rw- .bss
  20000648    20000648    00000221   00000000    rw- .data
2000fe00    2000fe00    00000200   00000000    rw-
  2000fe00    2000fe00    00000200   00000000    rw- .stack


SECTION ALLOCATION MAP

 output                                  attributes/
section   page    origin      length       input sections
--------  ----  ----------  ----------   ----------------
.intvecs   0    00000000    000000e4     
                  00000000    000000e4     startup_msp432p401r_ccs.obj (.intvecs:retain)

.binit     0    00000000    00000000     

.text      0    000000e4    0000404e     
                  000000e4    00001110     rtsv7M4_T_le_v4SPD16_eabi.lib : _printfi.obj (.text)
                  000011f4    00000b18     main.obj (.text)
                  00001d0c    000003dc     rtsv7M4_T_le_v4SPD16_eabi.lib : memory.obj (.text)
                  000020e8    0000032c     system_msp432p401r.obj (.text)
                  00002414    00000324     rtsv7M4_T_le_v4SPD16_eabi.lib : trgdrv.obj (.text)
                  00002738    0000030c                                   : lowlev.obj (.text)
                  00002a44    000001f4                                   : ull_div_t2.obj (.text)
                  00002c38    000001c4     UART.obj (.text)
                  00002dfc    000001c4     rtsv7M4_T_le_v4SPD16_eabi.lib : fopen.obj (.text)
                  00002fc0    000001b6                                   : fd_add_t2.obj (.text)
                  00003176    00000136                                   : fd_div_t2.obj (.text)
                  000032ac    00000134                                   : fputs.obj (.text)
                  000033e0    000000fc                                   : fd_mul_t2.obj (.text)
                  000034dc    000000fc                                   : s_scalbn.obj (.text)
                  000035d8    000000dc                                   : setvbuf.obj (.text)
                  000036b4    000000c8                                   : fflush.obj (.text)
                  0000377c    000000ac                                   : _io_perm.obj (.text)
                  00003828    0000009c                                   : memcpy_t2.obj (.text)
                  000038c4    00000098                                   : fclose.obj (.text)
                  0000395c    00000098                                   : fputc.obj (.text)
                  000039f4    00000086                                   : fd_cmp_t2.obj (.text:__aeabi_cdcmple)
                  00003a7a    00000086                                   : fd_cmp_t2.obj (.text:__aeabi_cdrcmple)
                  00003b00    0000007a                                   : memset_t2.obj (.text)
                  00003b7a    00000002                                   : mpu_init.obj (.text)
                  00003b7c    00000070                                   : autoinit.obj (.text)
                  00003bec    00000070                                   : printf.obj (.text)
                  00003c5c    0000006a                                   : copy_decompress_rle.obj (.text)
                  00003cc6    00000002                                   : startup.obj (.text)
                  00003cc8    00000068                                   : trgmsg.obj (.text)
                  00003d30    00000064                                   : fseek.obj (.text)
                  00003d94    00000064                                   : s_frexp.obj (.text)
                  00003df8    00000056                                   : ltoa.obj (.text)
                  00003e4e    00000002     --HOLE-- [fill = 0]
                  00003e50    00000054                                   : boot.obj (.text)
                  00003ea4    00000054                                   : exit.obj (.text)
                  00003ef8    0000004c                                   : atoi.obj (.text)
                  00003f44    0000004c                                   : cpy_tbl.obj (.text)
                  00003f90    00000048                                   : fd_toi_t2.obj (.text)
                  00003fd8    00000030                                   : strncpy.obj (.text)
                  00004008    0000002e                                   : i_tofd_t2.obj (.text)
                  00004036    00000020                                   : memchr.obj (.text)
                  00004056    0000001c                                   : memccpy.obj (.text)
                  00004072    00000002     --HOLE-- [fill = 0]
                  00004074    00000018                                   : args_main.obj (.text)
                  0000408c    00000018                                   : strcmp.obj (.text)
                  000040a4    00000016                                   : strchr.obj (.text)
                  000040ba    00000002     --HOLE-- [fill = 0]
                  000040bc    00000014                                   : _lock.obj (.text)
                  000040d0    00000014                                   : s_copysign.obj (.text)
                  000040e4    00000014                                   : strcpy.obj (.text)
                  000040f8    00000014                                   : strlen.obj (.text)
                  0000410c    0000000e                                   : copy_decompress_none.obj (.text:decompress:none)
                  0000411a    0000000e     startup_msp432p401r_ccs.obj (.text)
                  00004128    00000006     rtsv7M4_T_le_v4SPD16_eabi.lib : copy_decompress_rle.obj (.text:decompress:rle24)
                  0000412e    00000004                                   : pre_init.obj (.text)

.const     0    00004132    00000101     
                  00004132    00000101     rtsv7M4_T_le_v4SPD16_eabi.lib : ctype.obj (.const:.string:_ctypes_)

.cinit     0    00004238    000000bc     
                  00004238    00000098     (.cinit..data.load) [load image, compression = rle]
                  000042d0    0000000b     (.cinit..bss.load) [load image, compression = rle]
                  000042db    00000001     --HOLE-- [fill = 0]
                  000042dc    00000008     (__TI_handler_table)
                  000042e4    00000010     (__TI_cinit_table)

.init_array 
*          0    00000000    00000000     UNINITIALIZED

.sysmem    0    20000000    00000400     UNINITIALIZED
                  20000000    00000008     rtsv7M4_T_le_v4SPD16_eabi.lib : memory.obj (.sysmem)
                  20000008    000003f8     --HOLE--

.bss       0    20000400    00000246     UNINITIALIZED
                  20000400    00000120     rtsv7M4_T_le_v4SPD16_eabi.lib : trgmsg.obj (.bss:_CIOBUF_)
                  20000520    000000a0     (.common:__TI_tmpnams)
                  200005c0    00000034     UART.obj (.bss:UARTTXBuffer)
                  200005f4    00000018     (.common:T1)
                  2000060c    00000018     (.common:T2)
                  20000624    0000000c     (.common:MIDI)
                  20000630    00000008     rtsv7M4_T_le_v4SPD16_eabi.lib : trgdrv.obj (.bss:parmbuf)
                  20000638    00000004     (.common:Off)
                  2000063c    00000004     (.common:On)
                  20000640    00000002     (.common:Ttest1)
                  20000642    00000002     (.common:Ttest2)
                  20000644    00000002     (.common:velocity)

.data      0    20000648    00000221     UNINITIALIZED
                  20000648    000000f0     rtsv7M4_T_le_v4SPD16_eabi.lib : defs.obj (.data:_ftable)
                  20000738    000000d0                                   : lowlev.obj (.data:$O1$$)
                  20000808    00000010                                   : defs.obj (.data)
                  20000818    0000000c                                   : exit.obj (.data:$O1$$)
                  20000824    0000000c                                   : memory.obj (.data:$O1$$)
                  20000830    0000000c     main.obj (.data:Pin2MIDI)
                  2000083c    0000000c     main.obj (.data:flag)
                  20000848    00000008     rtsv7M4_T_le_v4SPD16_eabi.lib : _lock.obj (.data:$O1$$)
                  20000850    00000004                                   : errno.obj (.data)
                  20000854    00000004                                   : fopen.obj (.data)
                  20000858    00000004                                   : stkdepth_vars.obj (.data)
                  2000085c    00000004     system_msp432p401r.obj (.data)
                  20000860    00000003     main.obj (.data:MIDINoteOff)
                  20000863    00000003     main.obj (.data:MIDINoteOn)
                  20000866    00000002     UART.obj (.data)
                  20000868    00000001     main.obj (.data)

.stack     0    2000fe00    00000200     UNINITIALIZED
                  2000fe00    00000200     --HOLE--

MODULE SUMMARY

       Module                        code    ro data   rw data
       ------                        ----    -------   -------
    .\
       main.obj                      2840    0         210    
       system_msp432p401r.obj        812     0         8      
       UART.obj                      452     0         108    
       startup_msp432p401r_ccs.obj   14      228       0      
    +--+-----------------------------+-------+---------+---------+
       Total:                        4118    228       326    
                                                              
    C:\ti\ccsv6\tools\compiler\arm_15.12.3.LTS\lib\rtsv7M4_T_le_v4SPD16_eabi.lib
       _printfi.obj                  4368    0         0      
       lowlev.obj                    780     0         416    
       memory.obj                    988     0         24     
       defs.obj                      0       0         832    
       trgdrv.obj                    804     0         16     
       trgmsg.obj                    104     0         576    
       ull_div_t2.obj                500     0         0      
       fopen.obj                     452     0         8      
       fd_add_t2.obj                 438     0         0      
       fd_div_t2.obj                 310     0         0      
       fputs.obj                     308     0         0      
       fd_cmp_t2.obj                 268     0         0      
       ctype.obj                     0       257       0      
       fd_mul_t2.obj                 252     0         0      
       s_scalbn.obj                  252     0         0      
       setvbuf.obj                   220     0         0      
       fflush.obj                    200     0         0      
       _io_perm.obj                  172     0         0      
       memcpy_t2.obj                 156     0         0      
       fclose.obj                    152     0         0      
       fputc.obj                     152     0         0      
       memset_t2.obj                 122     0         0      
       autoinit.obj                  112     0         0      
       copy_decompress_rle.obj       112     0         0      
       printf.obj                    112     0         0      
       exit.obj                      84      0         24     
       fseek.obj                     100     0         0      
       s_frexp.obj                   100     0         0      
       ltoa.obj                      86      0         0      
       boot.obj                      84      0         0      
       atoi.obj                      76      0         0      
       cpy_tbl.obj                   76      0         0      
       fd_toi_t2.obj                 72      0         0      
       strncpy.obj                   48      0         0      
       i_tofd_t2.obj                 46      0         0      
       _lock.obj                     20      0         16     
       memchr.obj                    32      0         0      
       memccpy.obj                   28      0         0      
       args_main.obj                 24      0         0      
       strcmp.obj                    24      0         0      
       strchr.obj                    22      0         0      
       s_copysign.obj                20      0         0      
       strcpy.obj                    20      0         0      
       strlen.obj                    20      0         0      
       copy_decompress_none.obj      14      0         0      
       errno.obj                     0       0         8      
       stkdepth_vars.obj             0       0         8      
       pre_init.obj                  4       0         0      
       mpu_init.obj                  2       0         0      
       startup.obj                   2       0         0      
    +--+-----------------------------+-------+---------+---------+
       Total:                        12338   257       1928   
                                                              
       Heap:                         0       0         2048   
       Stack:                        0       0         1024   
       Linker Generated:             0       187       0      
    +--+-----------------------------+-------+---------+---------+
       Grand Total:                  16456   672       5326   


LINKER GENERATED COPY TABLES

__TI_cinit_table @ 000042e4 records: 2, size/record: 8, table size: 16
	.data: load addr=00004238, load size=00000098 bytes, run addr=20000648, run size=00000221 bytes, compression=rle
	.bss: load addr=000042d0, load size=0000000b bytes, run addr=20000400, run size=00000246 bytes, compression=rle


LINKER GENERATED HANDLER TABLE

__TI_handler_table @ 000042dc records: 2, size/record: 4, table size: 8
	index: 0, handler: __TI_decompress_rle24
	index: 1, handler: __TI_decompress_none


GLOBAL SYMBOLS: SORTED ALPHABETICALLY BY Name 

address   name                           
-------   ----                           
00004127  ADC14_IRQHandler               
00004127  AES256_IRQHandler              
00004127  BusFault_Handler               
00003ea5  C$$EXIT                        
00003cf7  C$$IO$$                        
00004127  COMP_E0_IRQHandler             
00004127  COMP_E1_IRQHandler             
00004127  CS_IRQHandler                  
00004127  DMA_ERR_IRQHandler             
00004127  DMA_INT0_IRQHandler            
00004127  DMA_INT1_IRQHandler            
00004127  DMA_INT2_IRQHandler            
00004127  DMA_INT3_IRQHandler            
00004127  DebugMon_Handler               
00004127  Default_Handler                
00004127  EUSCIA0_IRQHandler             
00004127  EUSCIA1_IRQHandler             
00002d7b  EUSCIA2_IRQHandler             
00002d7b  EUSCIA2_IRQHandler             
00004127  EUSCIA3_IRQHandler             
00004127  EUSCIB0_IRQHandler             
00004127  EUSCIB1_IRQHandler             
00004127  EUSCIB2_IRQHandler             
00004127  EUSCIB3_IRQHandler             
00004127  FLCTL_IRQHandler               
00004127  FPU_IRQHandler                 
000026eb  HOSTclock                      
000026b3  HOSTclose                      
00002675  HOSTgetenv                     
00002619  HOSTlseek                      
000025c7  HOSTopen                       
0000257b  HOSTread                       
0000251d  HOSTrename                     
000024e3  HOSTtime                       
00002499  HOSTtime64                     
00002461  HOSTunlink                     
00002415  HOSTwrite                      
00004127  HardFault_Handler              
00001679  ISRsetup                       
00001a89  KeyISR4                        
0000190d  KeyISR6                        
20000624  MIDI                           
20000868  MIDILength                     
20000860  MIDINoteOff                    
20000863  MIDINoteOn                     
00004127  MemManage_Handler              
00004127  NMI_Handler                    
20000638  Off                            
2000063c  On                             
00004127  PCM_IRQHandler                 
00004127  PORT1_IRQHandler               
00004127  PORT2_IRQHandler               
00004127  PORT3_IRQHandler               
00001bd1  PORT4_IRQHandler               
00001bd1  PORT4_IRQHandler               
00004127  PORT5_IRQHandler               
00001c91  PORT6_IRQHandler               
00001c91  PORT6_IRQHandler               
00004127  PSS_IRQHandler                 
00004127  PendSV_Handler                 
00004127  RTC_C_IRQHandler               
0000411b  Reset_Handler                  
UNDEFED   SHT$$INIT_ARRAY$$Base          
UNDEFED   SHT$$INIT_ARRAY$$Limit         
00004127  SVC_Handler                    
00004127  SysTick_Handler                
2000085c  SystemCoreClock                
000020e9  SystemCoreClockUpdate          
0000235d  SystemInit                     
200005f4  T1                             
2000060c  T2                             
00004127  T32_INT1_IRQHandler            
00004127  T32_INT2_IRQHandler            
00004127  T32_INTC_IRQHandler            
00004127  TA0_0_IRQHandler               
00004127  TA0_N_IRQHandler               
00004127  TA1_0_IRQHandler               
00004127  TA1_N_IRQHandler               
00004127  TA2_0_IRQHandler               
00004127  TA2_N_IRQHandler               
00004127  TA3_0_IRQHandler               
00004127  TA3_N_IRQHandler               
20000640  Ttest1                         
20000642  Ttest2                         
00002cc5  UARTSendArray                  
00002c8d  UARTSendByte                   
00002d15  UARTSendIntArray               
00002c39  UARTSetup                      
0000175b  UARTset                        
00004127  UsageFault_Handler             
4000480c  WDTCTL_SYM                     
00004127  WDT_A_IRQHandler               
20000400  __CIOBUF_                      
20010000  __STACK_END                    
00000200  __STACK_SIZE                   
00000400  __SYSMEM_SIZE                  
000042e4  __TI_CINIT_Base                
000042f4  __TI_CINIT_Limit               
000042dc  __TI_Handler_Table_Base        
000042e4  __TI_Handler_Table_Limit       
00003b7d  __TI_auto_init                 
00002ec5  __TI_cleanup                   
20000818  __TI_cleanup_ptr               
000038c5  __TI_closefile                 
0000410d  __TI_decompress_none           
00004129  __TI_decompress_rle24          
000036b5  __TI_doflush                   
2000081c  __TI_dtors_ptr                 
20000820  __TI_enable_exit_profile_output
20000808  __TI_ft_end                    
ffffffff  __TI_pprof_out_hndl            
00000eef  __TI_printfi                   
ffffffff  __TI_prof_data_size            
ffffffff  __TI_prof_data_start           
000037df  __TI_rd_ok                     
00003cfb  __TI_readmsg                   
00000000  __TI_static_base__             
20000520  __TI_tmpnams                   
00003cc9  __TI_writemsg                  
0000377d  __TI_wrt_ok                    
000039f5  __aeabi_cdcmpeq                
000039f5  __aeabi_cdcmple                
00003a7b  __aeabi_cdrcmple               
00003f91  __aeabi_d2iz                   
00002fcb  __aeabi_dadd                   
00003177  __aeabi_ddiv                   
000033e1  __aeabi_dmul                   
00002fc1  __aeabi_dsub                   
00004009  __aeabi_i2d                    
00003b01  __aeabi_memclr                 
00003b01  __aeabi_memclr4                
00003b01  __aeabi_memclr8                
00003829  __aeabi_memcpy                 
00003829  __aeabi_memcpy4                
00003829  __aeabi_memcpy8                
00003b03  __aeabi_memset                 
00003b03  __aeabi_memset4                
00003b03  __aeabi_memset8                
20000814  __aeabi_stderr                 
2000080c  __aeabi_stdin                  
20000810  __aeabi_stdout                 
00002a45  __aeabi_uldivmod               
ffffffff  __binit__                      
ffffffff  __c_args__                     
00003b7b  __mpu_init                     
2000fe00  __stack                        
00004075  _args_main                     
00003e51  _c_int00                       
00004132  _ctypes_                       
20000648  _ftable                        
20000848  _lock                          
000040cb  _nop                           
000040c3  _register_lock                 
000040bd  _register_unlock               
20000000  _sys_memory                    
00003cc7  _system_post_cinit             
0000412f  _system_pre_init               
2000084c  _unlock                        
00003ea9  abort                          
00002999  add_device                     
00003ef9  atoi                           
ffffffff  binit                          
000020b5  calloc                         
00002949  close                          
00001795  convert_velocity               
00003f45  copy_in                        
000040d1  copysign                       
000040d1  copysignl                      
20000850  errno                          
00003eb1  exit                           
0000392b  fclose                         
00003701  fflush                         
2000083c  flag                           
00002f1b  fopen                          
0000395d  fputc                          
000032ad  fputs                          
00001e03  free                           
00002ef1  freopen                        
00003d95  frexp                          
00003d95  frexpl                         
00003d31  fseek                          
00000000  interruptVectors               
000034dd  ldexp                          
000034dd  ldexpl                         
00002925  lseek                          
00003df9  ltoa                           
000011f9  main                           
20000858  main_func_sp                   
00001d9b  malloc                         
00001fd1  memalign                       
00004057  memccpy                        
00004037  memchr                         
00003829  memcpy                         
00003b09  memset                         
00001d0d  minit                          
00002877  open                           
00003bf5  printf                         
0000395d  putc                           
000039e1  putchar                        
000033b9  puts                           
00002853  read                           
00001ec5  realloc                        
000027c9  remove                         
0000282b  remove_device                  
000027ed  rename                         
000034dd  scalbn                         
000034dd  scalbnl                        
000035d9  setvbuf                        
000040a5  strchr                         
0000408d  strcmp                         
000040e5  strcpy                         
000040f9  strlen                         
00003fd9  strncpy                        
000027c9  unlink                         
20000644  velocity                       
00002739  write                          


GLOBAL SYMBOLS: SORTED BY Symbol Address 

address   name                           
-------   ----                           
00000000  __TI_static_base__             
00000000  interruptVectors               
00000200  __STACK_SIZE                   
00000400  __SYSMEM_SIZE                  
00000eef  __TI_printfi                   
000011f9  main                           
00001679  ISRsetup                       
0000175b  UARTset                        
00001795  convert_velocity               
0000190d  KeyISR6                        
00001a89  KeyISR4                        
00001bd1  PORT4_IRQHandler               
00001bd1  PORT4_IRQHandler               
00001c91  PORT6_IRQHandler               
00001c91  PORT6_IRQHandler               
00001d0d  minit                          
00001d9b  malloc                         
00001e03  free                           
00001ec5  realloc                        
00001fd1  memalign                       
000020b5  calloc                         
000020e9  SystemCoreClockUpdate          
0000235d  SystemInit                     
00002415  HOSTwrite                      
00002461  HOSTunlink                     
00002499  HOSTtime64                     
000024e3  HOSTtime                       
0000251d  HOSTrename                     
0000257b  HOSTread                       
000025c7  HOSTopen                       
00002619  HOSTlseek                      
00002675  HOSTgetenv                     
000026b3  HOSTclose                      
000026eb  HOSTclock                      
00002739  write                          
000027c9  remove                         
000027c9  unlink                         
000027ed  rename                         
0000282b  remove_device                  
00002853  read                           
00002877  open                           
00002925  lseek                          
00002949  close                          
00002999  add_device                     
00002a45  __aeabi_uldivmod               
00002c39  UARTSetup                      
00002c8d  UARTSendByte                   
00002cc5  UARTSendArray                  
00002d15  UARTSendIntArray               
00002d7b  EUSCIA2_IRQHandler             
00002d7b  EUSCIA2_IRQHandler             
00002ec5  __TI_cleanup                   
00002ef1  freopen                        
00002f1b  fopen                          
00002fc1  __aeabi_dsub                   
00002fcb  __aeabi_dadd                   
00003177  __aeabi_ddiv                   
000032ad  fputs                          
000033b9  puts                           
000033e1  __aeabi_dmul                   
000034dd  ldexp                          
000034dd  ldexpl                         
000034dd  scalbn                         
000034dd  scalbnl                        
000035d9  setvbuf                        
000036b5  __TI_doflush                   
00003701  fflush                         
0000377d  __TI_wrt_ok                    
000037df  __TI_rd_ok                     
00003829  __aeabi_memcpy                 
00003829  __aeabi_memcpy4                
00003829  __aeabi_memcpy8                
00003829  memcpy                         
000038c5  __TI_closefile                 
0000392b  fclose                         
0000395d  fputc                          
0000395d  putc                           
000039e1  putchar                        
000039f5  __aeabi_cdcmpeq                
000039f5  __aeabi_cdcmple                
00003a7b  __aeabi_cdrcmple               
00003b01  __aeabi_memclr                 
00003b01  __aeabi_memclr4                
00003b01  __aeabi_memclr8                
00003b03  __aeabi_memset                 
00003b03  __aeabi_memset4                
00003b03  __aeabi_memset8                
00003b09  memset                         
00003b7b  __mpu_init                     
00003b7d  __TI_auto_init                 
00003bf5  printf                         
00003cc7  _system_post_cinit             
00003cc9  __TI_writemsg                  
00003cf7  C$$IO$$                        
00003cfb  __TI_readmsg                   
00003d31  fseek                          
00003d95  frexp                          
00003d95  frexpl                         
00003df9  ltoa                           
00003e51  _c_int00                       
00003ea5  C$$EXIT                        
00003ea9  abort                          
00003eb1  exit                           
00003ef9  atoi                           
00003f45  copy_in                        
00003f91  __aeabi_d2iz                   
00003fd9  strncpy                        
00004009  __aeabi_i2d                    
00004037  memchr                         
00004057  memccpy                        
00004075  _args_main                     
0000408d  strcmp                         
000040a5  strchr                         
000040bd  _register_unlock               
000040c3  _register_lock                 
000040cb  _nop                           
000040d1  copysign                       
000040d1  copysignl                      
000040e5  strcpy                         
000040f9  strlen                         
0000410d  __TI_decompress_none           
0000411b  Reset_Handler                  
00004127  ADC14_IRQHandler               
00004127  AES256_IRQHandler              
00004127  BusFault_Handler               
00004127  COMP_E0_IRQHandler             
00004127  COMP_E1_IRQHandler             
00004127  CS_IRQHandler                  
00004127  DMA_ERR_IRQHandler             
00004127  DMA_INT0_IRQHandler            
00004127  DMA_INT1_IRQHandler            
00004127  DMA_INT2_IRQHandler            
00004127  DMA_INT3_IRQHandler            
00004127  DebugMon_Handler               
00004127  Default_Handler                
00004127  EUSCIA0_IRQHandler             
00004127  EUSCIA1_IRQHandler             
00004127  EUSCIA3_IRQHandler             
00004127  EUSCIB0_IRQHandler             
00004127  EUSCIB1_IRQHandler             
00004127  EUSCIB2_IRQHandler             
00004127  EUSCIB3_IRQHandler             
00004127  FLCTL_IRQHandler               
00004127  FPU_IRQHandler                 
00004127  HardFault_Handler              
00004127  MemManage_Handler              
00004127  NMI_Handler                    
00004127  PCM_IRQHandler                 
00004127  PORT1_IRQHandler               
00004127  PORT2_IRQHandler               
00004127  PORT3_IRQHandler               
00004127  PORT5_IRQHandler               
00004127  PSS_IRQHandler                 
00004127  PendSV_Handler                 
00004127  RTC_C_IRQHandler               
00004127  SVC_Handler                    
00004127  SysTick_Handler                
00004127  T32_INT1_IRQHandler            
00004127  T32_INT2_IRQHandler            
00004127  T32_INTC_IRQHandler            
00004127  TA0_0_IRQHandler               
00004127  TA0_N_IRQHandler               
00004127  TA1_0_IRQHandler               
00004127  TA1_N_IRQHandler               
00004127  TA2_0_IRQHandler               
00004127  TA2_N_IRQHandler               
00004127  TA3_0_IRQHandler               
00004127  TA3_N_IRQHandler               
00004127  UsageFault_Handler             
00004127  WDT_A_IRQHandler               
00004129  __TI_decompress_rle24          
0000412f  _system_pre_init               
00004132  _ctypes_                       
000042dc  __TI_Handler_Table_Base        
000042e4  __TI_CINIT_Base                
000042e4  __TI_Handler_Table_Limit       
000042f4  __TI_CINIT_Limit               
20000000  _sys_memory                    
20000400  __CIOBUF_                      
20000520  __TI_tmpnams                   
200005f4  T1                             
2000060c  T2                             
20000624  MIDI                           
20000638  Off                            
2000063c  On                             
20000640  Ttest1                         
20000642  Ttest2                         
20000644  velocity                       
20000648  _ftable                        
20000808  __TI_ft_end                    
2000080c  __aeabi_stdin                  
20000810  __aeabi_stdout                 
20000814  __aeabi_stderr                 
20000818  __TI_cleanup_ptr               
2000081c  __TI_dtors_ptr                 
20000820  __TI_enable_exit_profile_output
2000083c  flag                           
20000848  _lock                          
2000084c  _unlock                        
20000850  errno                          
20000858  main_func_sp                   
2000085c  SystemCoreClock                
20000860  MIDINoteOff                    
20000863  MIDINoteOn                     
20000868  MIDILength                     
2000fe00  __stack                        
20010000  __STACK_END                    
4000480c  WDTCTL_SYM                     
ffffffff  __TI_pprof_out_hndl            
ffffffff  __TI_prof_data_size            
ffffffff  __TI_prof_data_start           
ffffffff  __binit__                      
ffffffff  __c_args__                     
ffffffff  binit                          
UNDEFED   SHT$$INIT_ARRAY$$Base          
UNDEFED   SHT$$INIT_ARRAY$$Limit         

[216 symbols]
